// Vitest Snapshot v1

exports[`renders 1`] = `
<div data-v-6b5b01a9="" class="about text-k-text-secondary text-center max-w-[480px] overflow-hidden relative" data-testid="about-sparkle" tabindex="0">
  <main data-v-6b5b01a9="" class="p-6">
    <div data-v-6b5b01a9="" class="mb-4"><img data-v-6b5b01a9="" alt="Sparkle's logo" class="inline-block" src="undefined/resources/assets/img/logo.svg" width="128"></div>
    <div data-v-6b5b01a9="" class="current-version"> Sparkle v0.0.0 <span data-v-6b5b01a9="">Community</span> Edition
      <!--v-if-->
    </div>
    <!--v-if-->
    <p data-v-6b5b01a9="" class="author"> Made with ❤️ by <a data-v-6b5b01a9="" href="" rel="noopener" target="_blank"></a> and quite a few <a data-v-6b5b01a9="" href="" rel="noopener" target="_blank">awesome</a>&nbsp;<a data-v-6b5b01a9="" href="" rel="noopener" target="_blank"></a>. </p>
    <!--v-if--><br data-v-6b5b01a9="" data-testid="sponsor-list">
    <p data-v-6b5b01a9=""> Loving Sparkle? Please consider supporting its development via <a data-v-6b5b01a9="" href="" rel="noopener" target="_blank">GitHub Sponsors</a> and/or <a data-v-6b5b01a9="" href="" rel="noopener" target="_blank">OpenCollective</a>. </p>
  </main>
  <footer data-v-6b5b01a9=""><button data-v-8943c846="" data-v-6b5b01a9="" class="text-base text-k-text-primary bg-k-primary px-4 py-2.5 rounded cursor-pointer" type="button" danger="" data-testid="close-modal-btn" rounded="">Close</button></footer>
</div>
`;
